dim. 17 mai 2026 04:56:04 UTC - System health check executed
dim. 17 mai 2026 05:20:11 UTC - Disk usage healthy at 30%
dim. 17 mai 2026 05:26:40 UTC - WARNING: Disk usage at 30%
mar. 19 mai 2026 15:18:28 UTC - Memory usage healthy at 14%
mar. 19 mai 2026 15:25:31 UTC - WARNING: Memory usage at 14%
mar. 19 mai 2026 16:06:14 UTC - Process monitoring executed
mar. 19 mai 2026 16:29:32 UTC - Disk usage healthy at 32%
mar. 19 mai 2026 16:29:38 UTC - Memory usage healthy at 14%
mar. 19 mai 2026 16:29:44 UTC - Process monitoring executed
mar. 19 mai 2026 16:29:52 UTC - System health check executed
jeu. 21 mai 2026 18:30:51 UTC - System health check executed
mar. 26 mai 2026 12:00:01 UTC - Disk usage healthy at 35%
mar. 26 mai 2026 12:00:01 UTC - Process monitoring executed
mar. 26 mai 2026 12:00:01 UTC - System health check executed
mar. 26 mai 2026 12:15:01 UTC - Memory usage healthy at 14%
mar. 26 mai 2026 12:30:02 UTC - System health check executed
mar. 26 mai 2026 13:00:01 UTC - Disk usage healthy at 35%
mar. 26 mai 2026 13:00:01 UTC - System health check executed
mar. 26 mai 2026 13:15:01 UTC - Memory usage healthy at 15%
mar. 26 mai 2026 13:30:01 UTC - System health check executed
mar. 26 mai 2026 14:00:01 UTC - Disk usage healthy at 35%
mar. 26 mai 2026 14:00:01 UTC - Process monitoring executed
mar. 26 mai 2026 14:00:01 UTC - System health check executed
mar. 26 mai 2026 14:15:01 UTC - Memory usage healthy at 15%
mar. 26 mai 2026 14:30:01 UTC - System health check executed
mar. 26 mai 2026 15:00:01 UTC - Disk usage healthy at 35%
mar. 26 mai 2026 15:00:01 UTC - System health check executed
mar. 26 mai 2026 15:15:01 UTC - Memory usage healthy at 15%
mar. 26 mai 2026 15:17:40 UTC - System health check executed
mar. 26 mai 2026 15:30:01 UTC - System health check executed
mar. 26 mai 2026 16:00:01 UTC - Disk usage healthy at 35%
mar. 26 mai 2026 16:00:01 UTC - Process monitoring executed
mar. 26 mai 2026 16:00:01 UTC - System health check executed
mar. 26 mai 2026 16:13:22 UTC - System health check executed
mar. 26 mai 2026 16:13:50 UTC - Disk usage healthy at 35%
mar. 26 mai 2026 16:14:24 UTC - Disk usage healthy at 35%
mar. 26 mai 2026 16:14:53 UTC - Process monitoring executed
mar. 26 mai 2026 16:15:01 UTC - Memory usage healthy at 15%
mar. 26 mai 2026 16:30:01 UTC - System health check executed
mar. 26 mai 2026 17:00:01 UTC - Disk usage healthy at 35%
mar. 26 mai 2026 17:00:01 UTC - System health check executed
mar. 26 mai 2026 17:15:01 UTC - Memory usage healthy at 15%
mar. 26 mai 2026 17:30:01 UTC - System health check executed
mar. 26 mai 2026 18:00:01 UTC - Disk usage healthy at 35%
mar. 26 mai 2026 18:00:01 UTC - Process monitoring executed
mar. 26 mai 2026 18:00:01 UTC - System health check executed
